// Jest Snapshot v1, https://goo.gl/fbAQLP

exports[`RegisterInput.jsxのテスト スナップショット 正しいレンダリング 1`] = `
<div
  className="main"
>
  <form
    onSubmit={[Function]}
  >
    <div
      className="contentWithButton"
    >
      <div
        className="inputName"
      >
        <div
          className="inputArea"
        >
          <label
            htmlFor="firstName"
          >
            姓
            <span
              className="message"
            >
              
            </span>
          </label>
          <input
            className="input"
            id="firstName"
            onChange={[Function]}
            type="text"
            value="firstName"
          />
        </div>
        <div
          className="inputArea"
        >
          <label
            htmlFor="lastName"
          >
            名
            <span
              className="message"
            >
              
            </span>
          </label>
          <input
            className="input"
            id="lastName"
            onChange={[Function]}
            type="text"
            value="lastName"
          />
        </div>
      </div>
      <div
        className="inputEmail"
      >
        <div
          className="inputArea"
        >
          <label
            htmlFor="email"
          >
            Email
            <span
              className="message"
            >
              
            </span>
          </label>
          <input
            className="input"
            id="email"
            onChange={[Function]}
            type="text"
            value="email"
          />
        </div>
        <span
          className="domain"
        >
          @
          hoge.com
        </span>
      </div>
    </div>
    <div
      className="singleButton"
    >
      <button
        className="next"
        onClick={[Function]}
      >
        次へ
      </button>
    </div>
  </form>
</div>
`;
