// Jest Snapshot v1, https://goo.gl/fbAQLP

exports[`MenuButton.jsxのテスト スナップショット renders corecctly 1`] = `
<button
  className="button selected"
  onClick={[Function]}
>
  メニュー
</button>
`;
